border_size=1
usage=map

Ha^Fda      , Ha^Fda      , Ha^Fda      , Ha^Fda      , Ha^Fda      , Ha^Fda      , Ha^Fda      , Ha^Fda      , Ha^Fda      , Ha^Fda      , Ha^Fda      , Ha^Fda      , Aa          , Aa          , Aa          , Ai          , Ai          , Aa          , Aa          , Aa          , Aa          , Aa          , Aa          , Aa          , Ha^Fda      , Ha^Fda      , Ha^Fda      , Ha^Fda      , Ha^Fda      , Ha^Fda      , Aa^Fda      , Aa^Fda      , Aa^Fda      , Aa^Fda      , Aa^Fda      , Aa^Fda      , Aa^Fda      , Aa^Fda      , Aa^Fda      , Aa^Fda      , Aa^Fda      , Aa^Fda      , Aa^Fda      , Aa          , Ai          , Aa          , Ai          , Aa          , Ai          , Ai          , Ai          , Wo          , Wo          , Wo          , Wo          , Wo          , Wo          , Wo          , Ai          , Aa          
Aa          , Ha^Fda      , Aa^Voa      , Ha^Fda      , Aa          , Aa          , Aa          , Aa          , Aa          , Aa          , Aa          , Aa          , Aa          , Aa          , Aa          , Ai          , Ai          , Aa          , Aa          , Aa          , Ai          , Aa          , Aa          , Aa          , Aa          , Aa          , Aa          , Aa          , Aa          , Aa          , Aa          , Aa^Fda      , Aa^Fda      , Aa^Fda      , Aa^Fda      , Aa^Fda      , Aa^Fda      , Aa^Fda      , Aa          , Aa^Fda      , Aa^Fda      , Aa^Fda      , Aa          , Ai          , Aa          , Ai          , Aa          , Aa          , Ai          , Ai          , Ai          , Wo          , Wo          , Wo          , Wo          , Wo          , Wo          , Wo          , Ai          , Aa          
Aa          , Aa          , Aa          , Aa          , Aa          , Aa          , Aa          , Aa          , Aa          , Aa          , Aa          , Aa          , Ai          , Aa          , Aa          , Ai          , Ai          , Ai          , Ai          , Ai          , Ai          , Ai          , Ai          , Aa          , Aa          , Aa          , Aa          , Aa          , Aa          , Aa          , Aa          , Aa          , Aa^Fda      , Aa^Fda      , Aa          , Aa          , Aa          , Aa          , Aa          , Aa          , Aa          , Aa          , Aa          , Ai          , Ai          , Ai          , Ai          , Aa          , Ai          , Ai          , Wo          , Wo          , Wo          , Wo          , Wo          , Wo          , Ww          , Ww          , Ai          , Aa          
Aa          , Aa          , Aa          , Aa          , Aa          , Aa          , Ai          , Aa          , Ai          , Ai          , Aa          , Aa          , Aa^Voa      , Ai          , Ai          , Aa          , Ww          , Ai          , Ai          , Aa          , Ai          , Ai          , Ai          , Ai          , Ai          , Ai          , Aa          , Aa          , Aa          , Aa          , Aa          , Aa          , Aa          , Aa          , Aa          , Aa          , Aa          , Aa          , Aa          , Aa          , Aa          , Aa          , Aa          , Aa          , Aa          , Aa          , Aa          , Ai          , Ai          , Ai          , Wo          , Wo          , Wo          , Wo          , Ww          , Ww          , Ww^Vm       , Ai          , Ai          , Aa          
Ai          , Aa          , Aa          , Aa          , Ai          , Ai          , Ww          , Ai          , Ai          , Aa          , Ai          , Aa          , Ai          , Ai          , Ww          , Ww          , Ww          , Ww          , Ai          , Ai          , Ww          , Ai          , Ww          , Ww          , Ww          , Ww          , Ww          , Ww^Vm       , Ww          , Aa          , Aa          , Ai          , Ai          , Ai          , Ai          , Ai          , Ai          , Ai          , Aa          , Aa          , Aa          , Aa          , Aa          , Aa          , Aa          , Aa          , Aa          , Ai          , Ai          , Wo          , Wo          , Wo          , Wo          , Wo          , Wo          , Ww          , Aa          , Ai          , Aa          , Aa          
Ai          , Ai          , Ai          , Ai          , Ww          , Ww          , Wo          , Ww          , Ww          , Ai          , Ai          , Ai          , Ww          , Ai          , Ww          , Ww          , Ai          , Ai          , Ww          , Ww          , Ww          , Ww          , Ww          , Ai          , Ww          , Ww          , Ww          , Ai          , Ww          , Ww          , Ww          , Aa          , Aa          , Aa          , Aa          , Ai          , Ai          , Aa          , Aa          , Aa          , Ai          , Aa          , Aa          , Aa^Voa      , Aa          , Ai          , Ai          , Ai          , Ww          , Ww          , Wo          , Wo          , Wo          , Wo          , Ww          , Ww          , Aa          , Aa          , Aa          , Aa          
Ai          , Ai          , Ai          , Ww          , Ww          , Ww          , Wo          , Wo          , Wo          , Wo          , Wo          , Wo          , Wo          , Wo          , Wo          , Wo          , Wo          , Ai          , Ww          , Ww          , Ww          , Ww          , Ww          , Ww          , Ai          , Ww          , Ww          , Ww          , Ai          , Ww          , Ww          , Ww          , Ww          , Aa          , Ww          , Aa          , Ai          , Aa          , Aa          , Aa          , Aa          , Ai          , Ai          , Aa          , Aa          , Ai          , Ai          , Ai          , Ai          , Ww          , Ww          , Wo          , Wo          , Wo          , Ai          , Ai          , Aa          , Aa          , Aa          , Aa          
Wo          , Wo          , Wo          , Wo          , Wo          , Wo          , Wo          , Wo          , Wo          , Wo          , Wo          , Wo          , Wo          , Wo          , Wo          , Wo          , Wo          , Wo          , Ww          , Wo          , Wo          , Wo          , Wo          , Wo          , Wo          , Ai          , Wo          , Ds          , Wo          , Ds          , Ds          , Ww          , Ds          , Ww          , Ww          , Ww          , Ww          , Aa          , Ai          , Aa          , Aa          , Aa          , Ai          , Aa          , Aa          , Aa          , Aa          , Aa          , Ww          , Ww          , Ww          , Wo          , Wo          , Wo          , Ai          , Aa          , Aa          , Aa          , Aa          , Aa          
Wo          , Wo          , Wo          , Wo          , Wo          , Wo          , Ww          , Wo          , Ww          , Wo          , Ww          , Wo          , Wo          , Wo          , Wo          , Wo          , Wo          , Wo          , Ww          , Wo          , Wo          , Wo          , Wo          , Wo          , Wo          , Wo          , Wo          , Wo          , Ww^Vm       , Wo          , Wo          , Wo          , Wo          , Ds          , Ds          , Ww          , Ai          , Ai          , Ai          , Ai          , Ai          , Aa          , Aa          , Aa          , Aa          , Aa          , Ai          , Aa          , Ai          , Ww          , Ai          , Wo          , Wo          , Wo          , Wo          , Aa          , Aa          , Aa          , Aa          , Aa          
Ww          , Ww          , Ww          , Wo          , Ww          , Ww          , Ww          , Ww          , Ww          , Ww          , Ww          , Ww          , Ww          , Wo          , Ww          , Wo          , Ww          , Ww          , Ww^Vm       , Ww          , Ww          , Ww          , Ww          , Ww          , Ww          , Wo          , Ds          , Wo          , Ds          , Wo          , Wo          , Wo          , Wo          , Wo          , Wo          , Ai          , Wo          , Ai          , Ai          , Ai          , Ai          , Ai          , Ai          , Aa          , Ww^Vm       , Aa          , Aa          , Ai          , Ai          , Ai          , Ww          , Wo          , Wo          , Wo          , Ww          , Ww          , Ai          , Aa          , Aa          , Aa          
Ai          , Ai          , Aa          , Ww          , Ds          , Ww          , Ds          , Ww          , Ds          , Ds          , Ds          , Ww          , Ww          , Ww          , Ww          , Ww          , Ds          , Ds          , Ds          , Ds          , Ds          , Ww          , Ds          , Ww          , Ww          , Ds          , Ww          , Ww          , Ww          , Ww          , Ww          , Ww          , Ww          , Wo          , Wo          , Wo          , Ww^Vm       , Ai          , 2 Khw       , Ai          , Wo          , Wo          , Wo          , Ww          , Ww          , Aa          , Ww          , Ai          , Ai          , Ww          , Ww          , Wo          , Wo          , Ww          , Ww          , Ww          , Ai          , Aa          , Aa          , Aa          
Aa          , Aa          , Aa          , Ds          , Aa          , Ds          , Gg          , Ds          , Ds          , Ds          , Ds          , Ds          , Ds          , Ds          , Ds          , Ds          , Gg          , Ds          , Gg          , Ds          , Gg          , Ds          , Ds          , Ds          , Ds          , Ww          , Ww          , Ww          , Ww          , Ww          , Ww          , Ds          , Ds          , Ww          , Ww          , Wo          , Wo          , Chw         , Chw         , Chw         , Wo          , Wo          , Wo          , Wo          , Wo          , Ww          , Ww          , Aa          , Ww          , Ww          , Ww          , Wo          , Wo          , Ww          , Ww          , Ai          , Ai          , Ai          , Aa          , Aa          
Aa          , Aa          , Aa          , Aa          , Aa          , Aa          , Gg          , Gg          , Gg          , Gg          , Gg          , Ds          , Gg          , Gg          , Gg          , Gg          , Gg          , Gg          , Gs^Fmw      , Gg          , Gg          , Gg          , Gg          , Ds          , Ds          , Ds          , Ds          , Ds          , Ds          , Ww          , Ww          , Ww          , Ww          , Ww          , Ww          , Ww          , Ww          , Wo          , Wo          , Ai          , Ai          , Wo          , Wo          , Wo          , Wo          , Ww          , Ww          , Ww          , Ww          , Ww          , Wo          , Wo          , Wo          , Wo          , Gg          , Gg          , Ai          , Ai          , Aa          , Aa          
Aa          , Aa          , Aa          , Aa          , Aa          , Aa          , Gg          , Gg          , Gg          , Gg          , Ggf         , Gg          , Gg          , Gg          , 4 Ko        , Gg          , Co          , Gs^Fmw      , Gs^Fmw      , Gs^Fmw      , Gs^Fmw      , Gs^Fmw      , Gs^Fmw      , Gg          , Gg          , Ds          , Ds          , Ds          , Ds          , Ds          , Ds          , Ds          , Ds          , Ww          , Ds          , Ww          , Ww          , Ww          , Ww          , Ww          , Ww          , Gg          , Gg          , Wo          , Wo          , Wo          , Wo          , Wo          , Wo          , Ww          , Wo          , Wo          , Wo          , Wo          , Gg          , Gg          , Ai          , Ai          , Ds          , Ds          
Gg          , Aa          , Aa          , Aa          , Gg          , Gg          , Ggf         , Gg          , Ggf         , Gg          , Ggf         , Ggf         , Ggf         , Gg          , Co          , Co          , Co          , Gg          , Gg          , Gs^Fmw      , Gs^Fmw      , Gg          , Gg          , Gg          , Gg          , Gg          , Gg          , Gg          , Aa          , Aa          , Gg          , Gg          , Gg          , Ds          , Ds          , Ds          , Ds          , Ww          , Ww          , Ww          , Ww          , Ww          , Gg          , Gg          , Wo          , Wo          , Wo          , Wo          , Wo          , Wo          , Wo          , Wo          , Wo          , Wo          , Ww          , Ai          , Ai          , Ai          , Ds          , Gg          
Gg          , Gg          , Gg^Ve       , Gg          , Gg          , Ggf         , Gg          , Ggf         , Aa          , Ggf         , Gg          , Gg          , Gg          , Ggf         , Co          , Co          , Gg          , Gg          , Gg          , Gg          , Gg          , Gs^Fmw      , Gg          , Ggf         , Ggf         , Ggf         , Aa          , Gg          , Aa          , Gg          , Gg          , Gg          , Gg          , Ds          , Gg          , Ds          , Ds          , Ww          , Ww          , Ww          , Ww          , Ww          , Ai          , Aa          , Aa          , Wo          , Wo          , Wo          , Wo          , Wo          , Wo          , Wo          , Wo          , Ww          , Ww          , Ds          , Ds          , Ds          , Gg          , Gg          
Gg          , Gg          , Gg          , Gg          , Gg          , Gg          , Aa          , Aa          , Aa          , Aa          , Gg          , Gg          , Gg          , Gg          , Gg          , Gg          , Gg          , Gg          , Gs^Fmw      , Gg          , Gs^Fmw      , Gg          , Gs^Fmw      , Gg          , Gg          , Ggf         , Gg          , Ggf         , Aa          , Aa          , Aa          , Gg          , Gg          , Gg          , Gg          , Gg          , Ds          , Ww          , Ww          , Ww          , Ww          , Ww          , Aa          , Ai          , Ai          , Aa          , Ww          , Wo          , Wo          , Wo          , Wo          , Wo          , Wo          , Wo          , Wo          , Ww          , Ww          , Ds          , Ds          , Gg          
Aa          , Gg          , Gg          , Gg          , Gg          , Gg          , Aa          , Aa          , Gs^Fmw      , Gg          , Gs^Fmw      , Gs^Fmw      , Gg          , Gg          , Gs^Fmw      , Gg          , Gs^Fmw      , Gs^Fmw      , Gs^Fmw      , Gs^Fmw      , Gg          , Gs^Fmw      , Gs^Fmw      , Gg          , Gg          , Gg          , Gg          , Gg          , Gg          , Aa          , Gg          , Gg          , Gg          , Gg          , Gg          , Gg          , Ds          , Ds          , Ds          , Ww          , Ww          , Ww          , Ww          , Gg^Ve       , Aa          , Ai          , Ai          , Wo          , Ai          , Aa          , Wo          , Wo          , Wo          , Wo          , Wo          , Wo          , Ww          , Ds          , Ds          , Gg          
Aa          , Aa          , Aa          , Gg          , Gg          , Gg          , Gg          , Gs^Fmw      , Gg          , Gs^Fmw      , Gg          , Gs^Fmw      , Gg          , Gs^Fmw      , Gs^Fmw      , Gs^Fmw      , Gg          , Gs^Fmw      , Gg          , Gg          , Gg          , Gg          , Gs^Fmw      , Gg          , Gg          , Gs^Fmw      , Gg          , Gg          , Gg          , Gg          , Gg          , Gg          , Gg          , Gg          , Gg          , Gg          , Gg          , Ds          , Gg          , Ds          , Ds          , Ww          , Ww          , Ai          , Ai          , Ww^Bw\      , Ww^Bw\      , Ai          , Ww^Bw/      , Ww^Bw|      , Ww          , Wo          , Wo          , Wo          , Wo          , Wo          , Ww          , Ds          , Ds          , Aa          
Aa          , Aa          , Aa          , Gg          , Gg          , Gg          , Gs^Fmw      , Gs^Fmw      , Gs^Fmw      , Gg          , Gs^Fmw      , Gs^Fmw      , Gs^Fmw      , Gs^Fmw      , Gs^Fmw      , Gg          , Gg          , Gg          , Gg          , Gg          , Gg^Ve       , Gg          , Gg          , Gs^Fmw      , Hh^Fmw      , Gs^Fmw      , Gs^Fmw      , Gg          , Ggf         , Gg          , Gg          , Gg          , Gg          , Gg^Ve       , Gg          , Gg          , Gg          , Gg          , Gg          , Ds          , Ch          , Ch          , Aa          , Ai          , Ai          , Ai          , Gg          , Aa          , Aa          , Ww          , Ww          , Wo          , Wo          , Wo          , Wo          , Wo          , Wo          , Ww          , Aa          , Aa          
Aa          , Aa          , Aa          , Gg          , Gg          , Gg          , Gg          , Gs^Fmw      , Gs^Fmw      , Gs^Fmw      , Gs^Fmw      , Gs^Fmw      , Gs^Fmw      , Gg          , Gs^Fmw      , Gs^Fmw      , Gg          , Gg          , Gg          , Gg          , Gg          , Gg          , Gs^Fmw      , Gs^Fmw      , Hh^Fmw      , Gs^Fmw      , Gs^Fmw      , Gg          , Gg          , Ggf         , Ggf         , Gg          , Gg          , Gg          , Gg          , Gg          , Gg          , Gg          , Gg          , Ch          , Gg          , Ds          , Gg          , Aa          , Ai          , Ai          , Rd          , Gg^Vh       , Gg          , Ww          , Ww          , Wo          , Wo          , Wo          , Wo          , Wo          , Wo          , Ww          , Ww          , Aa          
Gg          , Gg          , Gg          , Gg          , Gg          , Gg          , Gg          , Gg          , Gg          , Gs^Fmw      , Gs^Fmw      , Gs^Fmw      , Gs^Fmw      , Gs^Fmw      , Gs^Fmw      , Gg          , Ggf         , Ggf         , Gg          , Gg          , Gg          , Gg          , Ha^Fma      , Hh^Fmw      , Hh^Fmw      , Gg          , Gs^Fmw      , Gg          , Ggf         , Ggf         , Ggf         , Ggf         , Aa          , Gg          , Gg          , Gg          , Gg          , Ch          , Gg          , Gg          , Gg          , Gg          , Gg          , Aa          , Ds^Bw/      , Ww^Bw/      , Ai          , Gg          , Ww          , Ww          , Ww          , Wo          , Wo          , Wo          , Wo          , Wo          , Wo          , Ww          , Aa          , Aa          
Gg          , Gg          , Rd          , Rd          , Rd          , Gg          , Gg          , Gg          , Gg          , Gg          , Gg          , Gs^Fmw      , Gg          , Gs^Fmw      , Ggf         , Ggf         , Gg          , Gg          , Gg          , Gg          , Ha^Fma      , Ha^Fma      , Ha^Fma      , Hh^Fmw      , Hh^Fmw      , Hh^Fmw      , Gg          , Gg          , Gg          , Ggf         , Aa          , Aa          , Aa          , Aa          , Gg          , Gg          , Gg          , Ch          , Gg          , Gg^Ve       , Gg          , Gg          , Gg          , Rd          , Ds          , Aa          , Aa          , Ai          , Ai          , Ww          , Ww          , Wo          , Wo          , Wo          , Wo          , Wo          , Ai          , Ai          , Ai          , Aa          
Rd          , Rd          , Gg          , Gg          , Gg          , Rd          , Rd          , Rd          , Rd          , Gg          , Gg          , Gg          , Ggf         , Ggf         , Gg          , Gg          , Gg          , Aa^Fpa      , Aa^Fpa      , Aa^Fpa      , Ha^Fma      , Ha^Fma      , Ha^Fma      , Hh^Fmw      , Gg          , Gg          , Gg          , Gg          , Gg          , Gg          , Gg          , Aa          , Aa          , Gg          , Gg          , Gg          , Gg          , Ch          , Gg          , Gg          , Gg          , Gg          , Ch          , Rd          , Gg          , Ds          , Ds          , Aa          , Ai          , Ww          , Wo          , Wo          , Wo          , Wo          , Ai          , Ai          , Wo          , Ai          , Ai          , Aa          
Gs^Fmw      , Gs^Fmw      , Gs^Fmw      , Gg          , Gg          , Gg^Vh       , Gg          , Gg          , Gg          , Rd          , Rd          , Gg          , Gg          , Gg          , Gg          , Gg          , Aa^Fpa      , Aa^Fpa      , Gg          , Aa^Fpa      , Gg          , Ha^Fma      , Gs^Fmw      , Hh^Fmw      , Gs^Fmw      , Gg          , Gg          , Gg          , Gg          , Gg          , Gg          , Aa          , Gg          , Gg          , Gg          , Gg          , Gg          , Ch          , Rd          , Gg          , Rd          , Ch          , 3 Kh        , Gg          , Gg          , Gg          , Gg          , Ds          , Ds          , Ww          , Wo          , Wo          , Wo          , Wo          , Ai          , Ai          , Ww          , Ww          , Aa          , Aa          
Gs^Fmw      , Gs^Fmw      , Gs^Fmw      , Gs^Fmw      , Gs^Fmw      , Gg          , Gs^Fmw      , Gg          , Gg          , Gg          , Gg          , Rd          , Rd          , Gg          , Aa^Fpa      , Aa^Fpa      , Aa^Fpa      , Gg          , Rd          , Gg          , Gs^Fmw      , Gs^Fmw      , Gs^Fmw      , Gs^Fmw      , Gg          , Gg          , Gg          , Gg          , Gg^Vh       , Gg          , Gg          , Gg          , Gg          , Gg          , Gg          , Gg          , Rd          , Rd          , Gg          , Rd          , Gg          , Ch          , Ch          , Gg          , Gg          , Gg          , Ds          , Ds          , Ds          , Ww          , Wo          , Wo          , Wo          , Wo          , Wo          , Wo          , Ww          , Ww          , Aa          , Aa          
Hh^Fmw      , Hh^Fmw      , Hh^Fmw      , Gs^Fmw      , Gs^Fmw      , Gs^Fmw      , Gs^Fmw      , Gs^Fmw      , Gs^Fmw      , Gg          , Gg          , Gg          , Gg          , Rd          , Rd          , Rd          , Rd          , Rd          , Gg          , Rd          , Rd          , Gs^Fmw      , Gs^Fmw      , Gg          , Gg          , Gg          , Gg          , Gg          , Rd          , Rd          , Rd          , Gg          , Gg          , Gg          , Rd          , Rd          , Gg          , Ch          , Gg          , Gg          , Rd          , Ch          , Gg^Vh       , Gg          , Gg          , Ds          , Ds          , Ds          , Ww          , Ww          , Wo          , Wo          , Wo          , Wo          , Wo          , Wo          , Ww          , Ds          , Ds          , Ds          
Hh^Fmw      , Hh^Fmw      , Gs^Fmw      , Gs^Fmw      , Gs^Fmw      , Gs^Fmw      , Gs^Fmw      , Gs^Fmw      , Gs^Fmw      , Gs^Fmw      , Gs^Fmw      , Gs^Fmw      , Gs^Fmw      , Gg          , Gs^Fmw      , Gs^Fmw      , Gs^Fmw      , Gg          , Gg          , Gg          , Gg          , Rd          , Rd          , Gg          , Gg          , Gg          , Rd          , Rd          , Gg          , Gg          , Gg          , Rd          , Rd          , Rd          , Gg          , Gg          , Gg          , Ch          , Rd          , Rd          , Gg          , Gg          , Gg          , Gg          , Gg          , Ds          , Ww^Vm       , Ww          , Wo          , Wo          , Wo          , Wo          , Wo          , Wo          , Ww          , Ww          , Ds          , Ds          , Gg          , Gg          
Ha^Fma      , Ha^Fma      , Hh^Fmw      , Gs^Fmw      , Hh^Fmw      , Hh^Fmw      , Hh^Fmw      , Gs^Fmw      , Hh^Fmw      , Gs^Fmw      , Gs^Fmw      , Gs^Fmw      , Gs^Fmw      , Gs^Fmw      , Gs^Fmw      , Gs^Fmw      , Gs^Fmw      , Gs^Fmw      , Gs^Fmw      , Gs^Fmw      , Gg          , Gg          , Gg          , Rd          , Rd          , Rd          , Gg          , Gg          , Gg          , Gg          , Gg          , Gg          , Gg          , Gg          , Gg          , Gg          , Gg          , Ch          , Rd          , Gg          , Gg          , Gg          , Gg          , Gg          , Gg          , Ds          , Ds          , Ww          , Ww          , Ww          , Wo          , Wo          , Wo          , Wo          , Ww          , Ww          , Ww          , Ds          , Gg          , Gg          
Ha^Fma      , Ha^Fma      , Hh^Fmw      , Hh^Fmw      , Hh^Fmw      , Hh^Fmw      , Hh^Fmw      , Hh^Fmw      , Hh^Fmw      , Gs^Fmw      , Hh^Fmw      , Hh^Fmw      , Hh^Fmw      , Hh^Fmw      , Hh^Fmw      , Gs^Fmw      , Hh^Fmw      , Gs^Fmw      , Gs^Fmw      , Gs^Fmw      , Gs^Fmw      , Gg          , Gs^Fmw      , Gg          , Gg          , Gg          , Gg          , Gg          , Gg          , Gg          , Gg          , Gg          , Gg          , Gg          , Gg          , Gg          , Gg          , Rd          , Gg          , Ch          , Ch          , Gg          , Gg          , Gg          , Gg          , Gg          , Gg          , Ds          , Ww          , Wo          , Wo          , Wo          , Wo          , Wo          , Ww          , Ww          , Ww          , Ds          , Ds          , Gg          
Ha^Fma      , Ha^Fma      , Ha^Fma      , Hh^Fmw      , Hh^Fmw      , Hh^Fmw      , Hh^Fmw      , Hh^Fmw      , Hh^Fmw      , Hh^Fmw      , Hh^Fmw      , Hh^Fmw      , Hh^Fmw      , Hh^Fmw      , Hh^Fmw      , Hh^Fmw      , Hh^Fmw      , Hh^Fmw      , Hh^Fmw      , Gs^Fmw      , Gs^Fmw      , Gs^Fmw      , Gs^Fmw      , Gs^Fmw      , Aa^Fpa      , Gg          , Gg          , Gg          , Gs^Fp       , Gs^Fp       , Ggf         , Aa^Fpa      , Aa^Fpa      , Aa^Fpa      , Aa^Fpa      , Gg          , Gg          , Rd          , Gg          , Gg          , Gg          , Ch          , Ch          , Gg          , Gg          , Gg          , Ds          , Ds          , Ww          , Wo          , Wo          , Wo          , Wo          , Ww          , Ww          , Ai          , Ai          , Aa          , Gg          , Gg          
Ha^Fma      , Ha^Fma      , Ha^Fma      , Ha^Fma      , Ha^Fma      , Hh^Fmw      , Ha^Fma      , Hh^Fmw      , Hh^Fmw      , Hh^Fmw      , Hh^Fmw      , Hh^Fmw      , Hh^Fmw      , Hh^Fmw      , Hh^Fmw      , Hh^Fmw      , Hh^Fmw      , Hh^Fmw      , Hh^Fmw      , Hh^Fmw      , Gs^Fmw      , Gs^Fmw      , Gs^Fmw      , Gs^Fmw      , Aa^Fpa      , Aa^Fpa      , Gs^Fp       , Gs^Fp       , Gg          , Ggf         , Gg          , Gs^Fp       , Gs^Fp       , Aa^Fpa      , Gg          , Gg          , Gg          , Rd          , Gg          , Gg          , Gg          , Gg          , Aa          , Ch          , Ch          , Ai          , Ai          , Ww          , Wo          , Wo          , Wo          , Wo          , Wo          , Wo          , Ww          , Ai          , Aa          , Aa          , Gg          , Gg          
Ha^Fma      , Ha^Fma      , Ha^Fma      , Ha^Fma      , Hh^Fmw      , Ha^Fma      , Ha^Fma      , Ha^Fma      , Ha^Fma      , Hh^Fmw      , Hh^Fmw      , Hh^Fmw      , Hh^Fmw      , Gs^Fp       , Gs^Fp       , Gs^Fp       , Gs^Fp       , Gg          , Gg          , Gg          , Gg          , Gg          , Gs^Fp       , Aa^Fpa      , Aa^Fpa      , Gg          , Ggf         , Gg          , Ggf         , Ggf         , Gs^Fp       , Gs^Fp       , Gs^Fp       , Gg          , Gg          , Gg          , Gg          , Rd          , Gg          , Gg          , Gg          , Aa          , Aa^Fpa      , Aa          , Ai          , Ai          , Ww          , Ww          , Wo          , Wo          , Wo          , Wo          , Wo          , Ww          , Ww          , Ai          , Ds          , Gg          , Gg          , Gg          
Hh^Fmw      , Hh^Fmw      , Hh^Fmw      , Hh^Fmw      , Hh^Fmw      , Hh^Fmw      , Hh^Fmw      , Ha^Fma      , Hh^Fmw      , Hh^Fmw      , Hh^Fmw      , Hh^Fmw      , Aa^Fma      , Gs^Fp       , Gs^Fp       , Gg          , Gg          , Gg          , Gs^Fp       , Gg          , Gg          , Gg          , Gs^Fp       , Gg          , Gg          , Gg          , Ggf         , Ggf         , Gg          , Gg          , Gs^Fp       , Gg          , Gg          , Gg          , Gg          , Gg          , Gg          , Rd          , Gg          , Gg          , Aa          , Aa          , Aa^Fpa      , Ai          , Ds          , Ww          , Ww          , Ww          , Ww          , Wo          , Wo          , Wo          , Wo          , Ww          , Ww          , Ds          , Ce          , Gg          , Gg          , Gg          
Hh^Fmw      , Hh^Fmw      , Hh^Fmw      , Hh^Fmw      , Hh^Fmw      , Hh^Fmw      , Hh^Fmw      , Hh^Fmw      , Hh^Fmw      , Hh^Fmw      , Hh^Fmw      , Hh^Fmw      , Aa^Fma      , Aa^Fma      , Gs^Fp       , Gg          , Gg          , Gg          , Gg          , Gs^Fp       , Gg          , Gg^Ve       , Gs^Fp       , Gg          , Gg          , Gg          , Ggf         , Gg          , Gg          , Gs^Fp       , Gg          , Gs^Fp       , Gg          , Gg          , Gg          , Gg          , Gg          , Rd          , Gg          , Aa          , Aa          , Aa^Fpa      , Aa          , Aa          , Ds          , Ds          , Ww          , Ww          , Ww          , Ww          , Wo          , Wo          , Wo          , Wo          , Ww          , Ww          , Ds^Bw/      , Gg          , Gg          , Gg          
Hh^Fmw      , Hh^Fmw      , Hh^Fmw      , Hh^Fmw      , Hh^Fmw      , Hh^Fmw      , Gs^Fp       , Hh^Fmw      , Hh^Fmw      , Hh^Fmw      , Aa^Fma      , Aa^Fma      , Aa^Fma      , Aa^Fma      , Gs^Fp       , Gg          , Gg          , Gg          , Gg          , Gs^Fp       , Gg          , Gg          , Gs^Fp       , Gg          , Ggf         , Ggf         , Gg          , Gg          , Gg          , Gs^Fp       , Gg          , Gs^Fp       , Gs^Fp       , Gg          , Gg          , Gg          , Gg          , Rd          , Aa          , Aa          , Aa^Fpa      , Aa^Fpa      , Aa          , Ds          , Ww          , Ds          , Ww          , Ww          , Wo          , Wo          , Wo          , Wo          , Wo          , Wo          , Ww^Bw/      , Ww^Bw/      , Ds^Bw/      , Gg          , Gg          , Gg          
Gs^Fp       , Hh^Fmw      , Hh^Fmw      , Hh^Fmw      , Gs^Fp       , Gs^Fp       , Gs^Fp       , Gs^Fp       , Gs^Fp       , Gs^Fp       , Gs^Fp       , Gs^Fp       , Gs^Fp       , Gs^Fp       , Gg          , Gg          , Gs^Fp       , Gg          , Gs^Fp       , Gs^Fp       , Gs^Fp       , Gs^Fp       , Gg          , Ggf         , Gg          , Gs^Fp       , Gs^Fp       , Gs^Fp       , Gs^Fp       , Gs^Fp       , Gg          , Gg          , Gs^Fp       , Gs^Fp       , Gg          , Gg          , Gg          , Rd          , Aa          , Aa          , Aa^Fpa      , Aa^Fpa      , Aa          , Ds          , Ww          , Ww          , Ww          , Wo          , Wo          , Wo          , Wo          , Wo          , Wo^Bw/      , Ww^Bw/      , Ww^Bw/      , Ww^Bw/      , Ce          , Gg          , Gg          , Gg          
Gs^Fp       , Hh^Fmw      , Hh^Fmw      , Hh^Fmw      , Gs^Fp       , Gs^Fp       , Gg          , Gs^Fp       , Gg          , Gg          , Gs^Fmw      , Gg          , Gg          , Gg          , Gg          , Gs^Fp       , Gs^Fp       , Gs^Fp       , Gg          , Gs^Fp       , Gg          , Gg          , Gg          , Gg          , Gg          , Gg          , Gg          , Gg          , Gg          , Gg          , Gs^Fp       , Gg          , Gs^Fp       , Gs^Fp       , Gg          , Gg          , Gg          , Rd          , Aa          , Aa^Fpa      , Aa^Fpa      , Aa          , Aa          , Ds          , Ds          , Ww          , Ww          , Wo          , Wo          , Wo          , Wo^Bw/      , Wo^Bw/      , Ww^Bw/      , Ww^Bw/      , Ww          , Ds          , Ds          , Ds          , Gg          , Gg          
Hh^Fmw      , Hh^Fmw      , Hh^Fmw      , Ha^Fma      , Ha^Fma      , Hh^Fmw      , Hh^Fmw      , Hh^Fmw      , Gs^Fmw      , Gs^Fmw      , Gs^Fmw      , Gg          , Gs^Fmw      , Gg          , Gg          , Gg          , Gg          , Gg          , Gg          , Gs^Fp       , Gg          , Gg          , Gg          , Gg          , Re^Gvs      , Gg          , Gg          , Gg          , Gg          , Gs^Fp       , Gg          , Gs^Fp       , Gg          , Gg          , Gg          , Gg          , Gg          , Rd          , Aa          , Aa^Fpa      , Aa          , Aa          , Gg          , Gg          , Ds          , Ww          , Ww          , Ww          , Ww^Bw/      , Wo^Bw/      , Wo^Bw/      , Wo^Bw/      , Wo          , Ww          , Ww          , Ww          , Ds          , Gs^Vht      , Gg          , Gg          
Gs^Fmw      , Hh^Fmw      , Gs^Fmw      , Hh^Fmw      , Ha^Fma      , Ha^Fma      , Gg          , Gg          , Gs^Fmw      , Gs^Fmw      , Gs^Fmw      , Gs^Fmw      , Gs^Fmw      , Gg          , Gg          , Gg          , Aa          , Gg          , Gg          , Gg          , Gg          , Gg          , Re^Gvs      , Re^Gvs      , Re^Gvs      , Re^Gvs      , Re^Gvs      , Gg          , Ggf         , Gg          , Gg          , Gg          , Gg          , Gg          , Gg          , Gg          , Gg          , Rd          , Gg          , Aa          , Gg          , Aa          , Gg          , Gg          , Gg          , Ce          , Ds^Bw/      , Ww^Bw/      , Ww^Bw/      , Wo^Bw/      , Wo          , Wo          , Wo          , Ww          , Ww          , Ww          , Ww          , Ds          , Gg          , Gg          
Gs^Fmw      , Gs^Fmw      , Gs^Fmw      , Gs^Fmw      , Aa^Fma      , Gs^Fmw      , Aa^Fma      , Aa^Fma      , Gs^Fmw      , Gs^Fmw      , Gg          , Gs^Fmw      , Gg          , Gg          , Gg          , Aa          , Aa          , Gg          , Ggf         , Gg          , Gg          , Re^Gvs      , Re^Gvs      , Re^Gvs      , Re^Gvs      , Re^Gvs      , Gg          , Ggf         , Gg^Ve       , Gg          , Re^Gvs      , Re^Gvs      , Re^Gvs      , Gg          , Gg          , Gg          , Gg          , Rd          , Gg          , Gg          , Gg          , Gg          , Gg          , Gg          , Gg          , Gg          , Ds^Bw/      , Ww^Bw/      , Ww          , Wo          , Wo          , Wo          , Wo          , Gg          , Ww          , Ww          , Ww          , Ds          , Ds          , Gg          
Gs^Fmw      , Gs^Fmw      , Gs^Fmw      , Gs^Fmw      , Aa^Fma      , Aa^Fma      , Aa^Fma      , Aa^Fma      , Gg          , Gg          , Gg          , Gg          , Gg          , Aa          , Aa          , Aa          , Aa          , Aa          , Gg          , Gg^Wm       , Gg          , Gg          , Gg          , Re^Gvs      , Gg          , Gg          , Ggf         , Ggf         , Re^Gvs      , Re^Gvs      , Re^Gvs      , Re^Gvs      , Re^Gvs      , Re^Gvs      , Gg          , Gg          , Gg          , Rd          , Gg          , Gg          , Gg          , Gg          , Gg          , Gg          , Ds^Bw/      , Ds^Bw/      , Ww          , Ww          , Ww          , Ww          , Wo          , Wo          , Wo          , Gg          , Wo          , Ww          , Ww          , Ww          , Ds          , Gg          
Aa^Fma      , Aa^Fma      , Aa^Fma      , Aa^Fma      , Aa          , Aa          , Aa          , Gg          , Gg          , Gg          , Gs^Fp       , Gg          , Gs^Fmw      , Gg          , Gg          , Aa          , Gg          , Ggf         , Ggf         , Ggf         , Ggf         , Gg          , Gg          , Gg          , Gg          , Gg          , Ggf         , Gg          , Gg          , Re^Gvs      , Re^Gvs      , Re^Gvs      , Gg          , Gg          , Gg          , Gg          , Gg          , Rd          , Gg          , Gg          , Gg          , Gg          , Gg          , Gg          , Ds          , Ce          , Ww          , Ww          , Ww          , Ww          , Wo          , Wo          , Wo          , Wo          , Wo          , Ww          , Ww          , Ds          , Gg          , Gg          
Aa^Fma      , Aa^Fma      , Gs^Fmw      , Aa          , Aa          , Aa^Vha      , Aa          , Gg          , Gs^Fp       , Gs^Fp       , Gs^Fmw      , Gg          , Gs^Fmw      , Gg          , Gg          , Gg          , Gg          , Ggf         , Gs^Fp       , Ggf         , Gs^Fp       , Gg          , Gg          , Gg          , Gg          , Gg          , Gg          , Gg          , Gg          , Gg          , Gg          , Gg          , Gg          , Gg          , Gg          , Gg          , Rd          , Rd          , Gg          , Gg          , Ggf         , Gg          , Gg          , Gg          , Dd^Vda      , Ds          , Ww          , Ww          , Ww          , Wo          , Wo          , Wo          , Wo          , Wo          , Wo          , Ww          , Ds          , Ds          , Gg          , Gg          
Aa^Fma      , Aa^Fma      , Gs^Fmw      , Gs^Fmw      , Aa          , Aa          , Aa          , Gs^Fp       , Gs^Fp       , Gg          , Gs^Fmw      , Gs^Fmw      , Gg          , Gg          , Gg          , Gg          , Gs^Fp       , Gs^Fp       , Gs^Fp       , Gs^Fp       , Ggf         , Gs^Fp       , Gs^Fp       , Gs^Fp       , Gs^Fp       , Gg          , Gg          , Gg          , Gg          , Gg          , Gg          , Gg          , Gg          , Gg          , Rd          , Rd          , Gg          , Gg          , Ggf         , Ggf         , Aa          , Gg          , Gg          , Gg          , Gg          , Ds          , Ww          , Ww          , Ww          , Wo          , Gg          , Gg          , Wo          , Wo          , Wo          , Ww          , Ww          , Ds          , Gg          , Gg          
Gs^Fmw      , Gs^Fmw      , Gs^Fmw      , Gs^Fmw      , Gs^Fmw      , Aa          , Gg          , Gs^Fp       , Gs^Fmw      , Gs^Fmw      , Gs^Fmw      , Gs^Fmw      , Gg          , Gg          , Gg          , Gs^Fp       , Ggf         , Gg          , Gs^Fp       , Gs^Fp       , Gs^Fp       , Ggf         , Gg          , Gs^Fp       , Ggf         , Ggf         , Ggf         , Gg          , Gg          , Gg          , Gg          , Gg          , Gg          , Rd          , Gg          , Gg          , Gg          , Gg          , Ggf         , Ggf         , Aa          , Aa          , Gg          , Gg          , Ds          , Ds          , Ww          , Ww          , Ww          , Ds          , Re^Vct      , Ds          , Wo          , Wo          , Ww          , Ww          , Ww^Vm       , Ds          , Gg          , Gg          
Gs^Fmw      , Gs^Fmw      , Gs^Fmw      , Gg          , Gs^Fmw      , Gs^Fmw      , Gs^Fmw      , Gs^Fmw      , Gg          , Gs^Fmw      , Gg          , Gg          , Gg          , Gg          , Gg          , Gs^Fp       , Gs^Fp       , Gs^Fp       , Gs^Fp       , Ggf         , Ggf         , Ggf         , Gg          , Gg          , Gg          , Gg          , Gg          , Ggf         , Ggf         , Gg          , Gg          , Gg          , Gg          , Rd          , Gg          , Gg^Vc       , Gg          , Gg          , Ggf         , Ggf         , Aa          , Aa          , Gg          , Ds          , Ds          , Ww          , Ww          , Ww          , Ww          , Gg          , Ds          , Ds          , Wo          , Wo          , Ww          , Ww          , Ds          , Ds          , Gg          , Gg          
Gs^Fmw      , Gs^Fmw      , Gs^Fmw      , Gg          , Gs^Fmw      , Gs^Fmw      , Gg          , Gg          , Gg          , Gg          , Gg          , Gg          , Aa          , Gg          , Gg          , Gg          , Gg          , Gg          , Gg          , Gg          , Gg          , Gg          , Gg          , Gg          , Gg          , Gg          , Gg          , Gg          , Gg          , Gg          , Gg          , Gg          , Gg          , Rd          , Gg          , Gg          , Gg          , Ggf         , Ggf         , Aa          , Aa          , Gg          , Gg          , Ds          , Ds          , Ww          , Ww          , Ww          , Ww          , Wo          , Wo          , Wo          , Wo          , Ww          , Ww          , Ww          , Ds          , Ds          , Gg          , Gg          
Gs^Fp       , Gs^Fmw      , Gs^Fp       , Gs^Fmw      , Gg          , Gg          , Ggf         , Gg          , Ggf         , Aa          , Aa          , Gg          , Aa          , Ggf         , Ggf         , Ggf         , Gg          , Gg          , Ggf         , Gg          , Ggf         , Gg          , Ggf         , Gg          , Ggf         , Ce          , Ce          , Gg          , Gg          , Gg          , Gg          , Gg          , Gg          , Rd          , Gg          , Gg          , Gg          , Ggf         , Gg          , Aa          , Gg          , Gg          , Gg          , Gg          , Ds          , Ww          , Ww          , Ww          , Wo          , Wo          , Wo          , Wo          , Wo          , Ww          , Ww          , Ww          , Ds          , Ds          , Gg          , Gg          
Gs^Fp       , Gs^Fp       , Gs^Fp       , Gs^Fp       , Gg          , Ggf         , Ggf         , Ggf         , Ggf         , Ggf         , Aa          , Aa          , Aa          , Aa          , Ggf         , Gg          , Ggf         , Ggf         , Ggf         , Ggf         , Gg          , Ggf         , Gg          , Ggf         , Gg          , Ce          , 1 Ke        , Ce          , Ce          , Gg          , Gg          , Gg          , Gg          , Rd          , Gg          , Gg          , Gg          , Gg          , Gg          , Gg          , Gg          , Gg          , Gg          , Ds          , Ww          , Ww          , Ww          , Ww          , Wo          , Wo          , Wo          , Wo          , Ww          , Ww          , Ww          , Ds          , Ds          , Gg          , Gg          , Gg          
Gs^Fp       , Gs^Fp       , Gs^Fp       , Gg          , Gg          , Ggf         , Gg          , Ggf         , Gg          , Ggf         , Gg          , Aa          , Gg          , Ggf         , Gg          , Ggf         , Gg          , Gg          , Gg          , Gg          , Gg          , Gg          , Gg          , Gg          , Gg          , Gg          , Gg          , Ce          , Gg          , Gg          , Gg          , Gg          , Gg          , Rd          , Gg          , Gg          , Gg          , Gg          , Gg          , Gg          , Ds          , Ds          , Ds          , Ds          , Ww          , Ww          , Wo          , Wo          , Wo          , Wo          , Wo          , Wo          , Wo          , Ww          , Ww          , Ds          , Ds          , Gg          , Gg          , Gg          
Gs^Fp       , Gs^Fp       , Gs^Fp       , Gs^Fp       , Gs^Fp       , Gg          , Gg          , Gg          , Gg          , Gg          , Gg          , Gg          , Gg          , Gg          , Gg          , Gg          , Gg          , Gg          , Gg          , Gg          , Gg          , Gg          , Gg          , Gg          , Gg          , Gg          , Gg          , Gg          , Gg          , Gg          , Gg          , Gg          , Gg          , Rd          , Gg          , Gg          , Gg          , Gg          , Ds          , Ds          , Ww          , Ww          , Ww          , Ww          , Ww          , Wo          , Wo          , Wo          , Wo          , Wo          , Wo          , Wo          , Ww          , Ww          , Ww          , Ds          , Ds          , Ds          , Ds          , Gg          
